src/app/(main)/entries/new/add-entry-form.tsx(89,5): error TS2304: Cannot find name 'setError'.
src/app/(main)/entries/new/add-entry-form.tsx(128,7): error TS2304: Cannot find name 'setError'.
src/app/(main)/entries/new/add-entry-form.tsx(153,9): error TS2304: Cannot find name 'setError'.
src/app/(main)/entries/new/add-entry-form.tsx(165,8): error TS2552: Cannot find name 'error'. Did you mean 'Error'?
src/app/(main)/entries/new/add-entry-form.tsx(165,18): error TS2552: Cannot find name 'Alert'. Did you mean 'alert'?
src/app/(main)/entries/new/add-entry-form.tsx(165,38): error TS2552: Cannot find name 'error'. Did you mean 'Error'?
src/app/(main)/entries/new/add-entry-form.tsx(165,46): error TS2552: Cannot find name 'Alert'. Did you mean 'alert'?
